// Jest Snapshot v1, https://goo.gl/fbAQLP

exports[`Tokens snapshot 1`] = `
<DocumentFragment>
  <section
    class="border-bottom p-sm"
  >
    <div
      class="tokens-section-header"
    >
      <h3
        class="section-title"
      >
        Colors
      </h3>
      <div
        aria-label="Add token"
        class="icon-button"
        role="button"
        tabindex="0"
      >
        <div
          class="icon icon--plus"
        />
      </div>
    </div>
    <div
      class="d-flex flex-row flex-wrap"
    >
      <div
        class="d-flex flex-row align-items-center justify-content-between w-100 color-token-container"
      >
        <button
          class="color-token"
        >
          <span
            class="color-token-shape"
            style="background-color: rgb(34, 34, 34);"
          />
          <span
            class="mr-sm"
          >
            color-dark
          </span>
        </button>
        <div
          class="d-flex flex-row"
        >
          <div
            aria-label="Edit"
            class="icon-button visibility-hidden"
            role="button"
            tabindex="0"
          >
            <div
              class="icon icon--adjust"
            />
          </div>
          <div
            aria-label="Delete"
            class="icon-button visibility-hidden"
            role="button"
            tabindex="0"
          >
            <div
              class="icon icon--trash"
            />
          </div>
        </div>
      </div>
      <div
        class="d-flex flex-row align-items-center justify-content-between w-100 color-token-container"
      >
        <button
          class="color-token"
        >
          <span
            class="color-token-shape"
            style="background-color: rgb(204, 0, 0);"
          />
          <span
            class="mr-sm"
          >
            color-yellow
          </span>
        </button>
        <div
          class="d-flex flex-row"
        >
          <div
            aria-label="Edit"
            class="icon-button visibility-hidden"
            role="button"
            tabindex="0"
          >
            <div
              class="icon icon--adjust"
            />
          </div>
          <div
            aria-label="Delete"
            class="icon-button visibility-hidden"
            role="button"
            tabindex="0"
          >
            <div
              class="icon icon--trash"
            />
          </div>
        </div>
      </div>
    </div>
  </section>
</DocumentFragment>
`;
